
===========================================================================
 report_power
============================================================================
======================= Fastest Corner ===================================

Group                  Internal  Switching    Leakage      Total
                          Power      Power      Power      Power (Watts)
----------------------------------------------------------------
Sequential             2.38e-03   6.85e-04   2.15e-06   3.07e-03  33.7%
Combinational          2.36e-03   3.68e-03   3.30e-08   6.04e-03  66.3%
Macro                  0.00e+00   0.00e+00   0.00e+00   0.00e+00   0.0%
Pad                    0.00e+00   0.00e+00   0.00e+00   0.00e+00   0.0%
----------------------------------------------------------------
Total                  4.74e-03   4.36e-03   2.18e-06   9.10e-03 100.0%
                          52.0%      47.9%       0.0%

======================= Slowest Corner ===================================

Group                  Internal  Switching    Leakage      Total
                          Power      Power      Power      Power (Watts)
----------------------------------------------------------------
Sequential             1.59e-03   4.53e-04   9.16e-06   2.05e-03  33.0%
Combinational          1.74e-03   2.42e-03   1.45e-05   4.18e-03  67.0%
Macro                  0.00e+00   0.00e+00   0.00e+00   0.00e+00   0.0%
Pad                    0.00e+00   0.00e+00   0.00e+00   0.00e+00   0.0%
----------------------------------------------------------------
Total                  3.33e-03   2.88e-03   2.36e-05   6.23e-03 100.0%
                          53.4%      46.2%       0.4%

======================= Typical Corner ===================================

Group                  Internal  Switching    Leakage      Total
                          Power      Power      Power      Power (Watts)
----------------------------------------------------------------
Sequential             2.05e-03   5.78e-04   2.14e-06   2.63e-03  33.5%
Combinational          2.13e-03   3.10e-03   2.16e-08   5.23e-03  66.5%
Macro                  0.00e+00   0.00e+00   0.00e+00   0.00e+00   0.0%
Pad                    0.00e+00   0.00e+00   0.00e+00   0.00e+00   0.0%
----------------------------------------------------------------
Total                  4.18e-03   3.68e-03   2.17e-06   7.86e-03 100.0%
                          53.2%      46.8%       0.0%

