
===========================================================================
report_checks -unconstrained
===========================================================================
======================= Fastest Corner ===================================

Startpoint: rst_ni (input port clocked by clk_i)
Endpoint: _5033_ (recovery check against rising-edge clock clk_i)
Path Group: asynchronous
Path Type: max
Corner: Fastest

Fanout     Cap    Slew   Delay    Time   Description
-----------------------------------------------------------------------------
                          0.00    0.00   clock clk_i (rise edge)
                          0.00    0.00   clock network delay (propagated)
                          2.40    2.40 ^ input external delay
                  0.04    0.03    2.43 ^ rst_ni (in)
     1    0.01                           rst_ni (net)
                  0.04    0.00    2.43 ^ input131/A (sky130_fd_sc_hd__buf_12)
                  0.17    0.13    2.56 ^ input131/X (sky130_fd_sc_hd__buf_12)
    13    0.20                           net131 (net)
                  0.17    0.01    2.57 ^ fanout297/A (sky130_fd_sc_hd__buf_6)
                  0.16    0.17    2.74 ^ fanout297/X (sky130_fd_sc_hd__buf_6)
    15    0.10                           net297 (net)
                  0.16    0.00    2.75 ^ fanout296/A (sky130_fd_sc_hd__buf_8)
                  0.13    0.15    2.90 ^ fanout296/X (sky130_fd_sc_hd__buf_8)
    18    0.11                           net296 (net)
                  0.14    0.01    2.91 ^ fanout294/A (sky130_fd_sc_hd__buf_12)
                  0.14    0.16    3.07 ^ fanout294/X (sky130_fd_sc_hd__buf_12)
    29    0.15                           net294 (net)
                  0.14    0.00    3.08 ^ fanout293/A (sky130_fd_sc_hd__buf_12)
                  0.13    0.16    3.23 ^ fanout293/X (sky130_fd_sc_hd__buf_12)
    30    0.15                           net293 (net)
                  0.13    0.01    3.25 ^ _5033_/RESET_B (sky130_fd_sc_hd__dfrtp_4)
                                  3.25   data arrival time

                         12.00   12.00   clock clk_i (rise edge)
                          0.00   12.00   clock source latency
                  0.22    0.15   12.15 ^ clk_i (in)
     1    0.06                           clk_i (net)
                  0.22    0.00   12.15 ^ clkbuf_0_clk_i/A (sky130_fd_sc_hd__clkbuf_16)
                  0.09    0.15   12.30 ^ clkbuf_0_clk_i/X (sky130_fd_sc_hd__clkbuf_16)
     4    0.09                           clknet_0_clk_i (net)
                  0.09    0.00   12.30 ^ clkbuf_2_2__f_clk_i/A (sky130_fd_sc_hd__clkbuf_16)
                  0.08    0.13   12.43 ^ clkbuf_2_2__f_clk_i/X (sky130_fd_sc_hd__clkbuf_16)
     7    0.09                           clknet_2_2__leaf_clk_i (net)
                  0.08    0.00   12.43 ^ clkbuf_leaf_7_clk_i/A (sky130_fd_sc_hd__clkbuf_16)
                  0.05    0.11   12.55 ^ clkbuf_leaf_7_clk_i/X (sky130_fd_sc_hd__clkbuf_16)
    17    0.05                           clknet_leaf_7_clk_i (net)
                  0.05    0.00   12.55 ^ _5033_/CLK (sky130_fd_sc_hd__dfrtp_4)
                         -0.25   12.30   clock uncertainty
                          0.00   12.30   clock reconvergence pessimism
                          0.10   12.40   library recovery time
                                 12.40   data required time
-----------------------------------------------------------------------------
                                 12.40   data required time
                                 -3.25   data arrival time
-----------------------------------------------------------------------------
                                  9.15   slack (MET)


Startpoint: _5200_ (rising edge-triggered flip-flop clocked by clk_i)
Endpoint: dmem_be_o[2] (output port clocked by clk_i)
Path Group: clk_i
Path Type: max
Corner: Fastest

Fanout     Cap    Slew   Delay    Time   Description
-----------------------------------------------------------------------------
                          0.00    0.00   clock clk_i (rise edge)
                          0.00    0.00   clock source latency
                  0.22    0.16    0.16 ^ clk_i (in)
     1    0.06                           clk_i (net)
                  0.22    0.00    0.16 ^ clkbuf_0_clk_i/A (sky130_fd_sc_hd__clkbuf_16)
                  0.09    0.17    0.33 ^ clkbuf_0_clk_i/X (sky130_fd_sc_hd__clkbuf_16)
     4    0.09                           clknet_0_clk_i (net)
                  0.09    0.01    0.34 ^ clkbuf_2_0__f_clk_i/A (sky130_fd_sc_hd__clkbuf_16)
                  0.12    0.18    0.52 ^ clkbuf_2_0__f_clk_i/X (sky130_fd_sc_hd__clkbuf_16)
    10    0.15                           clknet_2_0__leaf_clk_i (net)
                  0.12    0.00    0.52 ^ clkbuf_leaf_26_clk_i/A (sky130_fd_sc_hd__clkbuf_16)
                  0.07    0.14    0.66 ^ clkbuf_leaf_26_clk_i/X (sky130_fd_sc_hd__clkbuf_16)
    20    0.07                           clknet_leaf_26_clk_i (net)
                  0.07    0.00    0.67 ^ _5200_/CLK (sky130_fd_sc_hd__dfrtp_4)
                  0.08    0.37    1.03 v _5200_/Q (sky130_fd_sc_hd__dfrtp_4)
     4    0.04                           net279 (net)
                  0.08    0.00    1.03 v _2347_/B (sky130_fd_sc_hd__xor2_2)
                  0.06    0.13    1.16 v _2347_/X (sky130_fd_sc_hd__xor2_2)
     2    0.01                           _2337_ (net)
                  0.06    0.00    1.16 v _2351_/A (sky130_fd_sc_hd__nor4b_4)
                  0.95    0.82    1.98 ^ _2351_/Y (sky130_fd_sc_hd__nor4b_4)
    28    0.10                           _2341_ (net)
                  0.95    0.01    1.99 ^ _2575_/A2 (sky130_fd_sc_hd__a21o_1)
                  0.08    0.09    2.08 ^ _2575_/X (sky130_fd_sc_hd__a21o_1)
     1    0.01                           _0515_ (net)
                  0.08    0.00    2.08 ^ _2580_/A2 (sky130_fd_sc_hd__a31oi_4)
                  0.15    0.14    2.22 v _2580_/Y (sky130_fd_sc_hd__a31oi_4)
     8    0.06                           _0519_ (net)
                  0.15    0.01    2.23 v _2586_/A2 (sky130_fd_sc_hd__a21oi_4)
                  0.61    0.54    2.76 ^ _2586_/Y (sky130_fd_sc_hd__a21oi_4)
    25    0.12                           _0525_ (net)
                  0.61    0.00    2.77 ^ _2978_/A (sky130_fd_sc_hd__and2_1)
                  0.06    0.11    2.88 ^ _2978_/X (sky130_fd_sc_hd__and2_1)
     1    0.00                           _0890_ (net)
                  0.06    0.00    2.88 ^ _2980_/A (sky130_fd_sc_hd__nor2_2)
                  0.06    0.04    2.93 v _2980_/Y (sky130_fd_sc_hd__nor2_2)
     5    0.02                           _0892_ (net)
                  0.06    0.00    2.93 v _2984_/A3 (sky130_fd_sc_hd__o311a_1)
                  0.06    0.22    3.14 v _2984_/X (sky130_fd_sc_hd__o311a_1)
     3    0.01                           _0896_ (net)
                  0.06    0.00    3.14 v _2985_/D (sky130_fd_sc_hd__or4_1)
                  0.09    0.29    3.43 v _2985_/X (sky130_fd_sc_hd__or4_1)
     3    0.01                           _0897_ (net)
                  0.09    0.00    3.43 v _3026_/A1 (sky130_fd_sc_hd__a21oi_1)
                  0.23    0.22    3.65 ^ _3026_/Y (sky130_fd_sc_hd__a21oi_1)
     2    0.01                           _0938_ (net)
                  0.23    0.00    3.65 ^ _3046_/A2 (sky130_fd_sc_hd__a21oi_2)
                  0.09    0.10    3.75 v _3046_/Y (sky130_fd_sc_hd__a21oi_2)
     5    0.02                           _0958_ (net)
                  0.09    0.00    3.75 v _3091_/A1 (sky130_fd_sc_hd__o21ai_2)
                  0.15    0.17    3.93 ^ _3091_/Y (sky130_fd_sc_hd__o21ai_2)
     4    0.01                           _1003_ (net)
                  0.15    0.00    3.93 ^ _3092_/D_N (sky130_fd_sc_hd__or4bb_2)
                  0.10    0.36    4.29 v _3092_/X (sky130_fd_sc_hd__or4bb_2)
     3    0.02                           _1004_ (net)
                  0.10    0.00    4.29 v _3105_/A1 (sky130_fd_sc_hd__a211o_1)
                  0.06    0.21    4.51 v _3105_/X (sky130_fd_sc_hd__a211o_1)
     3    0.01                           _1017_ (net)
                  0.06    0.00    4.51 v _3114_/A2 (sky130_fd_sc_hd__a21o_1)
                  0.04    0.15    4.65 v _3114_/X (sky130_fd_sc_hd__a21o_1)
     3    0.01                           _1026_ (net)
                  0.04    0.00    4.65 v _3124_/A1 (sky130_fd_sc_hd__a21o_1)
                  0.04    0.12    4.78 v _3124_/X (sky130_fd_sc_hd__a21o_1)
     2    0.01                           _1036_ (net)
                  0.04    0.00    4.78 v _3192_/A2 (sky130_fd_sc_hd__a31o_1)
                  0.03    0.14    4.92 v _3192_/X (sky130_fd_sc_hd__a31o_1)
     1    0.00                           _1104_ (net)
                  0.03    0.00    4.92 v _3193_/A (sky130_fd_sc_hd__buf_4)
                  0.09    0.16    5.07 v _3193_/X (sky130_fd_sc_hd__buf_4)
    10    0.09                           i_exec_stage.alu_out[0] (net)
                  0.09    0.00    5.07 v _3202_/D (sky130_fd_sc_hd__or4_1)
                  0.06    0.26    5.33 v _3202_/X (sky130_fd_sc_hd__or4_1)
     2    0.01                           _1111_ (net)
                  0.06    0.00    5.33 v _3203_/A2 (sky130_fd_sc_hd__a21oi_1)
                  0.11    0.13    5.47 ^ _3203_/Y (sky130_fd_sc_hd__a21oi_1)
     1    0.00                           net164 (net)
                  0.11    0.00    5.47 ^ output164/A (sky130_fd_sc_hd__clkbuf_4)
                  0.09    0.16    5.62 ^ output164/X (sky130_fd_sc_hd__clkbuf_4)
     1    0.04                           dmem_be_o[2] (net)
                  0.09    0.00    5.62 ^ dmem_be_o[2] (out)
                                  5.62   data arrival time

                         12.00   12.00   clock clk_i (rise edge)
                          0.00   12.00   clock network delay (propagated)
                         -0.25   11.75   clock uncertainty
                          0.00   11.75   clock reconvergence pessimism
                         -2.40    9.35   output external delay
                                  9.35   data required time
-----------------------------------------------------------------------------
                                  9.35   data required time
                                 -5.62   data arrival time
-----------------------------------------------------------------------------
                                  3.73   slack (MET)



======================= Slowest Corner ===================================

Startpoint: rst_ni (input port clocked by clk_i)
Endpoint: _5033_ (recovery check against rising-edge clock clk_i)
Path Group: asynchronous
Path Type: max
Corner: Slowest

Fanout     Cap    Slew   Delay    Time   Description
-----------------------------------------------------------------------------
                          0.00    0.00   clock clk_i (rise edge)
                          0.00    0.00   clock network delay (propagated)
                          2.40    2.40 ^ input external delay
                  0.08    0.06    2.46 ^ rst_ni (in)
     1    0.01                           rst_ni (net)
                  0.08    0.00    2.46 ^ input131/A (sky130_fd_sc_hd__buf_12)
                  0.36    0.37    2.82 ^ input131/X (sky130_fd_sc_hd__buf_12)
    13    0.20                           net131 (net)
                  0.36    0.01    2.84 ^ fanout297/A (sky130_fd_sc_hd__buf_6)
                  0.31    0.49    3.33 ^ fanout297/X (sky130_fd_sc_hd__buf_6)
    15    0.10                           net297 (net)
                  0.31    0.00    3.33 ^ fanout296/A (sky130_fd_sc_hd__buf_8)
                  0.26    0.43    3.76 ^ fanout296/X (sky130_fd_sc_hd__buf_8)
    18    0.10                           net296 (net)
                  0.26    0.01    3.78 ^ fanout294/A (sky130_fd_sc_hd__buf_12)
                  0.26    0.42    4.20 ^ fanout294/X (sky130_fd_sc_hd__buf_12)
    29    0.14                           net294 (net)
                  0.26    0.00    4.20 ^ fanout293/A (sky130_fd_sc_hd__buf_12)
                  0.25    0.42    4.62 ^ fanout293/X (sky130_fd_sc_hd__buf_12)
    30    0.14                           net293 (net)
                  0.25    0.01    4.63 ^ _5033_/RESET_B (sky130_fd_sc_hd__dfrtp_4)
                                  4.63   data arrival time

                         12.00   12.00   clock clk_i (rise edge)
                          0.00   12.00   clock source latency
                  0.45    0.30   12.30 ^ clk_i (in)
     1    0.06                           clk_i (net)
                  0.45    0.00   12.30 ^ clkbuf_0_clk_i/A (sky130_fd_sc_hd__clkbuf_16)
                  0.17    0.45   12.75 ^ clkbuf_0_clk_i/X (sky130_fd_sc_hd__clkbuf_16)
     4    0.09                           clknet_0_clk_i (net)
                  0.17    0.00   12.75 ^ clkbuf_2_2__f_clk_i/A (sky130_fd_sc_hd__clkbuf_16)
                  0.16    0.33   13.08 ^ clkbuf_2_2__f_clk_i/X (sky130_fd_sc_hd__clkbuf_16)
     7    0.09                           clknet_2_2__leaf_clk_i (net)
                  0.16    0.00   13.08 ^ clkbuf_leaf_7_clk_i/A (sky130_fd_sc_hd__clkbuf_16)
                  0.11    0.29   13.37 ^ clkbuf_leaf_7_clk_i/X (sky130_fd_sc_hd__clkbuf_16)
    17    0.05                           clknet_leaf_7_clk_i (net)
                  0.11    0.00   13.37 ^ _5033_/CLK (sky130_fd_sc_hd__dfrtp_4)
                         -0.25   13.12   clock uncertainty
                          0.00   13.12   clock reconvergence pessimism
                          0.37   13.49   library recovery time
                                 13.49   data required time
-----------------------------------------------------------------------------
                                 13.49   data required time
                                 -4.63   data arrival time
-----------------------------------------------------------------------------
                                  8.86   slack (MET)


Startpoint: _5200_ (rising edge-triggered flip-flop clocked by clk_i)
Endpoint: dmem_be_o[2] (output port clocked by clk_i)
Path Group: clk_i
Path Type: max
Corner: Slowest

Fanout     Cap    Slew   Delay    Time   Description
-----------------------------------------------------------------------------
                          0.00    0.00   clock clk_i (rise edge)
                          0.00    0.00   clock source latency
                  0.45    0.34    0.34 ^ clk_i (in)
     1    0.06                           clk_i (net)
                  0.45    0.00    0.34 ^ clkbuf_0_clk_i/A (sky130_fd_sc_hd__clkbuf_16)
                  0.17    0.49    0.83 ^ clkbuf_0_clk_i/X (sky130_fd_sc_hd__clkbuf_16)
     4    0.09                           clknet_0_clk_i (net)
                  0.17    0.01    0.84 ^ clkbuf_2_0__f_clk_i/A (sky130_fd_sc_hd__clkbuf_16)
                  0.24    0.43    1.27 ^ clkbuf_2_0__f_clk_i/X (sky130_fd_sc_hd__clkbuf_16)
    10    0.15                           clknet_2_0__leaf_clk_i (net)
                  0.24    0.00    1.27 ^ clkbuf_leaf_26_clk_i/A (sky130_fd_sc_hd__clkbuf_16)
                  0.13    0.37    1.64 ^ clkbuf_leaf_26_clk_i/X (sky130_fd_sc_hd__clkbuf_16)
    20    0.06                           clknet_leaf_26_clk_i (net)
                  0.13    0.00    1.65 ^ _5200_/CLK (sky130_fd_sc_hd__dfrtp_4)
                  0.20    1.20    2.85 v _5200_/Q (sky130_fd_sc_hd__dfrtp_4)
     4    0.04                           net279 (net)
                  0.20    0.00    2.85 v _2347_/B (sky130_fd_sc_hd__xor2_2)
                  0.14    0.37    3.21 v _2347_/X (sky130_fd_sc_hd__xor2_2)
     2    0.01                           _2337_ (net)
                  0.14    0.00    3.21 v _2371_/A (sky130_fd_sc_hd__or4b_1)
                  0.23    1.38    4.60 v _2371_/X (sky130_fd_sc_hd__or4b_1)
     1    0.01                           _0325_ (net)
                  0.23    0.00    4.60 v _2372_/A (sky130_fd_sc_hd__buf_4)
                  0.14    0.44    5.03 v _2372_/X (sky130_fd_sc_hd__buf_4)
    15    0.05                           _0326_ (net)
                  0.14    0.00    5.03 v _2438_/A2 (sky130_fd_sc_hd__o21a_1)
                  0.12    0.41    5.45 v _2438_/X (sky130_fd_sc_hd__o21a_1)
     1    0.01                           _0389_ (net)
                  0.12    0.00    5.45 v _2440_/A3 (sky130_fd_sc_hd__o31ai_4)
                  0.60    0.60    6.04 ^ _2440_/Y (sky130_fd_sc_hd__o31ai_4)
     4    0.03                           _0391_ (net)
                  0.60    0.00    6.05 ^ _2441_/A (sky130_fd_sc_hd__inv_2)
                  0.28    0.46    6.51 v _2441_/Y (sky130_fd_sc_hd__inv_2)
     4    0.05                           net178 (net)
                  0.28    0.00    6.51 v _2587_/A2 (sky130_fd_sc_hd__mux4_2)
                  0.24    1.31    7.82 v _2587_/X (sky130_fd_sc_hd__mux4_2)
     1    0.02                           _0526_ (net)
                  0.24    0.00    7.82 v _2588_/A (sky130_fd_sc_hd__buf_2)
                  0.16    0.44    8.27 v _2588_/X (sky130_fd_sc_hd__buf_2)
     6    0.03                           _0527_ (net)
                  0.16    0.00    8.27 v _2976_/A (sky130_fd_sc_hd__nor2_1)
                  0.22    0.27    8.53 ^ _2976_/Y (sky130_fd_sc_hd__nor2_1)
     1    0.01                           _0888_ (net)
                  0.22    0.00    8.53 ^ _2977_/B1 (sky130_fd_sc_hd__a21oi_2)
                  0.16    0.17    8.70 v _2977_/Y (sky130_fd_sc_hd__a21oi_2)
     5    0.01                           _0889_ (net)
                  0.16    0.00    8.70 v _2984_/A2 (sky130_fd_sc_hd__o311a_1)
                  0.14    0.75    9.45 v _2984_/X (sky130_fd_sc_hd__o311a_1)
     3    0.01                           _0896_ (net)
                  0.14    0.00    9.45 v _2985_/D (sky130_fd_sc_hd__or4_1)
                  0.29    1.20   10.65 v _2985_/X (sky130_fd_sc_hd__or4_1)
     3    0.01                           _0897_ (net)
                  0.29    0.00   10.65 v _3026_/A1 (sky130_fd_sc_hd__a21oi_1)
                  0.50    0.57   11.23 ^ _3026_/Y (sky130_fd_sc_hd__a21oi_1)
     2    0.01                           _0938_ (net)
                  0.50    0.00   11.23 ^ _3046_/A2 (sky130_fd_sc_hd__a21oi_2)
                  0.23    0.40   11.63 v _3046_/Y (sky130_fd_sc_hd__a21oi_2)
     5    0.02                           _0958_ (net)
                  0.23    0.00   11.63 v _3091_/A1 (sky130_fd_sc_hd__o21ai_2)
                  0.33    0.44   12.07 ^ _3091_/Y (sky130_fd_sc_hd__o21ai_2)
     4    0.01                           _1003_ (net)
                  0.33    0.00   12.07 ^ _3092_/D_N (sky130_fd_sc_hd__or4bb_2)
                  0.32    1.60   13.67 v _3092_/X (sky130_fd_sc_hd__or4bb_2)
     3    0.02                           _1004_ (net)
                  0.32    0.00   13.67 v _3105_/A1 (sky130_fd_sc_hd__a211o_1)
                  0.15    0.69   14.36 v _3105_/X (sky130_fd_sc_hd__a211o_1)
     3    0.01                           _1017_ (net)
                  0.15    0.00   14.36 v _3114_/A2 (sky130_fd_sc_hd__a21o_1)
                  0.11    0.42   14.78 v _3114_/X (sky130_fd_sc_hd__a21o_1)
     3    0.01                           _1026_ (net)
                  0.11    0.00   14.78 v _3124_/A1 (sky130_fd_sc_hd__a21o_1)
                  0.10    0.37   15.15 v _3124_/X (sky130_fd_sc_hd__a21o_1)
     2    0.01                           _1036_ (net)
                  0.10    0.00   15.15 v _3192_/A2 (sky130_fd_sc_hd__a31o_1)
                  0.07    0.40   15.55 v _3192_/X (sky130_fd_sc_hd__a31o_1)
     1    0.00                           _1104_ (net)
                  0.07    0.00   15.55 v _3193_/A (sky130_fd_sc_hd__buf_4)
                  0.21    0.42   15.97 v _3193_/X (sky130_fd_sc_hd__buf_4)
    10    0.09                           i_exec_stage.alu_out[0] (net)
                  0.21    0.00   15.97 v _3202_/D (sky130_fd_sc_hd__or4_1)
                  0.21    1.10   17.08 v _3202_/X (sky130_fd_sc_hd__or4_1)
     2    0.01                           _1111_ (net)
                  0.21    0.00   17.08 v _3203_/A2 (sky130_fd_sc_hd__a21oi_1)
                  0.23    0.35   17.43 ^ _3203_/Y (sky130_fd_sc_hd__a21oi_1)
     1    0.00                           net164 (net)
                  0.23    0.00   17.43 ^ output164/A (sky130_fd_sc_hd__clkbuf_4)
                  0.18    0.43   17.86 ^ output164/X (sky130_fd_sc_hd__clkbuf_4)
     1    0.04                           dmem_be_o[2] (net)
                  0.18    0.00   17.86 ^ dmem_be_o[2] (out)
                                 17.86   data arrival time

                         12.00   12.00   clock clk_i (rise edge)
                          0.00   12.00   clock network delay (propagated)
                         -0.25   11.75   clock uncertainty
                          0.00   11.75   clock reconvergence pessimism
                         -2.40    9.35   output external delay
                                  9.35   data required time
-----------------------------------------------------------------------------
                                  9.35   data required time
                                -17.86   data arrival time
-----------------------------------------------------------------------------
                                 -8.51   slack (VIOLATED)



======================= Typical Corner ===================================

Startpoint: rst_ni (input port clocked by clk_i)
Endpoint: _5033_ (recovery check against rising-edge clock clk_i)
Path Group: asynchronous
Path Type: max
Corner: Typical

Fanout     Cap    Slew   Delay    Time   Description
-----------------------------------------------------------------------------
                          0.00    0.00   clock clk_i (rise edge)
                          0.00    0.00   clock network delay (propagated)
                          2.40    2.40 ^ input external delay
                  0.05    0.04    2.44 ^ rst_ni (in)
     1    0.01                           rst_ni (net)
                  0.05    0.00    2.44 ^ input131/A (sky130_fd_sc_hd__buf_12)
                  0.23    0.20    2.64 ^ input131/X (sky130_fd_sc_hd__buf_12)
    13    0.20                           net131 (net)
                  0.23    0.01    2.65 ^ fanout297/A (sky130_fd_sc_hd__buf_6)
                  0.21    0.27    2.92 ^ fanout297/X (sky130_fd_sc_hd__buf_6)
    15    0.10                           net297 (net)
                  0.21    0.00    2.93 ^ fanout296/A (sky130_fd_sc_hd__buf_8)
                  0.18    0.24    3.17 ^ fanout296/X (sky130_fd_sc_hd__buf_8)
    18    0.11                           net296 (net)
                  0.18    0.01    3.18 ^ fanout294/A (sky130_fd_sc_hd__buf_12)
                  0.18    0.24    3.43 ^ fanout294/X (sky130_fd_sc_hd__buf_12)
    29    0.15                           net294 (net)
                  0.18    0.00    3.43 ^ fanout293/A (sky130_fd_sc_hd__buf_12)
                  0.17    0.24    3.67 ^ fanout293/X (sky130_fd_sc_hd__buf_12)
    30    0.15                           net293 (net)
                  0.17    0.01    3.68 ^ _5033_/RESET_B (sky130_fd_sc_hd__dfrtp_4)
                                  3.68   data arrival time

                         12.00   12.00   clock clk_i (rise edge)
                          0.00   12.00   clock source latency
                  0.29    0.19   12.19 ^ clk_i (in)
     1    0.06                           clk_i (net)
                  0.29    0.00   12.19 ^ clkbuf_0_clk_i/A (sky130_fd_sc_hd__clkbuf_16)
                  0.11    0.24   12.44 ^ clkbuf_0_clk_i/X (sky130_fd_sc_hd__clkbuf_16)
     4    0.09                           clknet_0_clk_i (net)
                  0.11    0.00   12.44 ^ clkbuf_2_2__f_clk_i/A (sky130_fd_sc_hd__clkbuf_16)
                  0.10    0.19   12.63 ^ clkbuf_2_2__f_clk_i/X (sky130_fd_sc_hd__clkbuf_16)
     7    0.09                           clknet_2_2__leaf_clk_i (net)
                  0.10    0.00   12.63 ^ clkbuf_leaf_7_clk_i/A (sky130_fd_sc_hd__clkbuf_16)
                  0.07    0.16   12.79 ^ clkbuf_leaf_7_clk_i/X (sky130_fd_sc_hd__clkbuf_16)
    17    0.05                           clknet_leaf_7_clk_i (net)
                  0.07    0.00   12.80 ^ _5033_/CLK (sky130_fd_sc_hd__dfrtp_4)
                         -0.25   12.55   clock uncertainty
                          0.00   12.55   clock reconvergence pessimism
                          0.18   12.73   library recovery time
                                 12.73   data required time
-----------------------------------------------------------------------------
                                 12.73   data required time
                                 -3.68   data arrival time
-----------------------------------------------------------------------------
                                  9.05   slack (MET)


Startpoint: _5200_ (rising edge-triggered flip-flop clocked by clk_i)
Endpoint: dmem_be_o[2] (output port clocked by clk_i)
Path Group: clk_i
Path Type: max
Corner: Typical

Fanout     Cap    Slew   Delay    Time   Description
-----------------------------------------------------------------------------
                          0.00    0.00   clock clk_i (rise edge)
                          0.00    0.00   clock source latency
                  0.29    0.21    0.21 ^ clk_i (in)
     1    0.06                           clk_i (net)
                  0.29    0.00    0.21 ^ clkbuf_0_clk_i/A (sky130_fd_sc_hd__clkbuf_16)
                  0.11    0.27    0.48 ^ clkbuf_0_clk_i/X (sky130_fd_sc_hd__clkbuf_16)
     4    0.09                           clknet_0_clk_i (net)
                  0.11    0.01    0.49 ^ clkbuf_2_0__f_clk_i/A (sky130_fd_sc_hd__clkbuf_16)
                  0.16    0.25    0.75 ^ clkbuf_2_0__f_clk_i/X (sky130_fd_sc_hd__clkbuf_16)
    10    0.15                           clknet_2_0__leaf_clk_i (net)
                  0.16    0.00    0.75 ^ clkbuf_leaf_26_clk_i/A (sky130_fd_sc_hd__clkbuf_16)
                  0.08    0.21    0.96 ^ clkbuf_leaf_26_clk_i/X (sky130_fd_sc_hd__clkbuf_16)
    20    0.07                           clknet_leaf_26_clk_i (net)
                  0.08    0.00    0.96 ^ _5200_/CLK (sky130_fd_sc_hd__dfrtp_4)
                  0.11    0.58    1.54 v _5200_/Q (sky130_fd_sc_hd__dfrtp_4)
     4    0.04                           net279 (net)
                  0.11    0.00    1.54 v _2347_/B (sky130_fd_sc_hd__xor2_2)
                  0.08    0.19    1.74 v _2347_/X (sky130_fd_sc_hd__xor2_2)
     2    0.01                           _2337_ (net)
                  0.08    0.00    1.74 v _2351_/A (sky130_fd_sc_hd__nor4b_4)
                  1.29    1.16    2.90 ^ _2351_/Y (sky130_fd_sc_hd__nor4b_4)
    28    0.10                           _2341_ (net)
                  1.29    0.01    2.90 ^ _2575_/A2 (sky130_fd_sc_hd__a21o_1)
                  0.10    0.30    3.20 ^ _2575_/X (sky130_fd_sc_hd__a21o_1)
     1    0.01                           _0515_ (net)
                  0.10    0.00    3.20 ^ _2580_/A2 (sky130_fd_sc_hd__a31oi_4)
                  0.22    0.22    3.42 v _2580_/Y (sky130_fd_sc_hd__a31oi_4)
     8    0.06                           _0519_ (net)
                  0.22    0.01    3.43 v _2586_/A2 (sky130_fd_sc_hd__a21oi_4)
                  0.80    0.75    4.18 ^ _2586_/Y (sky130_fd_sc_hd__a21oi_4)
    25    0.12                           _0525_ (net)
                  0.80    0.00    4.18 ^ _2978_/A (sky130_fd_sc_hd__and2_1)
                  0.07    0.25    4.43 ^ _2978_/X (sky130_fd_sc_hd__and2_1)
     1    0.00                           _0890_ (net)
                  0.07    0.00    4.43 ^ _2980_/A (sky130_fd_sc_hd__nor2_2)
                  0.08    0.07    4.50 v _2980_/Y (sky130_fd_sc_hd__nor2_2)
     5    0.02                           _0892_ (net)
                  0.08    0.00    4.50 v _2984_/A3 (sky130_fd_sc_hd__o311a_1)
                  0.08    0.35    4.85 v _2984_/X (sky130_fd_sc_hd__o311a_1)
     3    0.01                           _0896_ (net)
                  0.08    0.00    4.85 v _2985_/D (sky130_fd_sc_hd__or4_1)
                  0.14    0.50    5.36 v _2985_/X (sky130_fd_sc_hd__or4_1)
     3    0.01                           _0897_ (net)
                  0.14    0.00    5.36 v _3026_/A1 (sky130_fd_sc_hd__a21oi_1)
                  0.31    0.32    5.68 ^ _3026_/Y (sky130_fd_sc_hd__a21oi_1)
     2    0.01                           _0938_ (net)
                  0.31    0.00    5.68 ^ _3046_/A2 (sky130_fd_sc_hd__a21oi_2)
                  0.12    0.18    5.86 v _3046_/Y (sky130_fd_sc_hd__a21oi_2)
     5    0.02                           _0958_ (net)
                  0.12    0.00    5.86 v _3091_/A1 (sky130_fd_sc_hd__o21ai_2)
                  0.20    0.25    6.11 ^ _3091_/Y (sky130_fd_sc_hd__o21ai_2)
     4    0.01                           _1003_ (net)
                  0.20    0.00    6.11 ^ _3092_/D_N (sky130_fd_sc_hd__or4bb_2)
                  0.15    0.66    6.77 v _3092_/X (sky130_fd_sc_hd__or4bb_2)
     3    0.02                           _1004_ (net)
                  0.15    0.00    6.78 v _3105_/A1 (sky130_fd_sc_hd__a211o_1)
                  0.08    0.35    7.12 v _3105_/X (sky130_fd_sc_hd__a211o_1)
     3    0.01                           _1017_ (net)
                  0.08    0.00    7.12 v _3114_/A2 (sky130_fd_sc_hd__a21o_1)
                  0.06    0.23    7.35 v _3114_/X (sky130_fd_sc_hd__a21o_1)
     3    0.01                           _1026_ (net)
                  0.06    0.00    7.35 v _3124_/A1 (sky130_fd_sc_hd__a21o_1)
                  0.06    0.19    7.54 v _3124_/X (sky130_fd_sc_hd__a21o_1)
     2    0.01                           _1036_ (net)
                  0.06    0.00    7.54 v _3192_/A2 (sky130_fd_sc_hd__a31o_1)
                  0.04    0.22    7.75 v _3192_/X (sky130_fd_sc_hd__a31o_1)
     1    0.00                           _1104_ (net)
                  0.04    0.00    7.75 v _3193_/A (sky130_fd_sc_hd__buf_4)
                  0.12    0.23    7.98 v _3193_/X (sky130_fd_sc_hd__buf_4)
    10    0.09                           i_exec_stage.alu_out[0] (net)
                  0.12    0.00    7.99 v _3202_/D (sky130_fd_sc_hd__or4_1)
                  0.10    0.46    8.45 v _3202_/X (sky130_fd_sc_hd__or4_1)
     2    0.01                           _1111_ (net)
                  0.10    0.00    8.45 v _3203_/A2 (sky130_fd_sc_hd__a21oi_1)
                  0.14    0.20    8.64 ^ _3203_/Y (sky130_fd_sc_hd__a21oi_1)
     1    0.00                           net164 (net)
                  0.14    0.00    8.64 ^ output164/A (sky130_fd_sc_hd__clkbuf_4)
                  0.12    0.23    8.88 ^ output164/X (sky130_fd_sc_hd__clkbuf_4)
     1    0.04                           dmem_be_o[2] (net)
                  0.12    0.00    8.88 ^ dmem_be_o[2] (out)
                                  8.88   data arrival time

                         12.00   12.00   clock clk_i (rise edge)
                          0.00   12.00   clock network delay (propagated)
                         -0.25   11.75   clock uncertainty
                          0.00   11.75   clock reconvergence pessimism
                         -2.40    9.35   output external delay
                                  9.35   data required time
-----------------------------------------------------------------------------
                                  9.35   data required time
                                 -8.88   data arrival time
-----------------------------------------------------------------------------
                                  0.47   slack (MET)




===========================================================================
report_checks --slack_max -0.01
============================================================================
======================= Fastest Corner ===================================

No paths found.

======================= Slowest Corner ===================================

Startpoint: _5200_ (rising edge-triggered flip-flop clocked by clk_i)
Endpoint: dmem_be_o[2] (output port clocked by clk_i)
Path Group: clk_i
Path Type: max
Corner: Slowest

Fanout     Cap    Slew   Delay    Time   Description
-----------------------------------------------------------------------------
                          0.00    0.00   clock clk_i (rise edge)
                          0.00    0.00   clock source latency
                  0.45    0.34    0.34 ^ clk_i (in)
     1    0.06                           clk_i (net)
                  0.45    0.00    0.34 ^ clkbuf_0_clk_i/A (sky130_fd_sc_hd__clkbuf_16)
                  0.17    0.49    0.83 ^ clkbuf_0_clk_i/X (sky130_fd_sc_hd__clkbuf_16)
     4    0.09                           clknet_0_clk_i (net)
                  0.17    0.01    0.84 ^ clkbuf_2_0__f_clk_i/A (sky130_fd_sc_hd__clkbuf_16)
                  0.24    0.43    1.27 ^ clkbuf_2_0__f_clk_i/X (sky130_fd_sc_hd__clkbuf_16)
    10    0.15                           clknet_2_0__leaf_clk_i (net)
                  0.24    0.00    1.27 ^ clkbuf_leaf_26_clk_i/A (sky130_fd_sc_hd__clkbuf_16)
                  0.13    0.37    1.64 ^ clkbuf_leaf_26_clk_i/X (sky130_fd_sc_hd__clkbuf_16)
    20    0.06                           clknet_leaf_26_clk_i (net)
                  0.13    0.00    1.65 ^ _5200_/CLK (sky130_fd_sc_hd__dfrtp_4)
                  0.20    1.20    2.85 v _5200_/Q (sky130_fd_sc_hd__dfrtp_4)
     4    0.04                           net279 (net)
                  0.20    0.00    2.85 v _2347_/B (sky130_fd_sc_hd__xor2_2)
                  0.14    0.37    3.21 v _2347_/X (sky130_fd_sc_hd__xor2_2)
     2    0.01                           _2337_ (net)
                  0.14    0.00    3.21 v _2371_/A (sky130_fd_sc_hd__or4b_1)
                  0.23    1.38    4.60 v _2371_/X (sky130_fd_sc_hd__or4b_1)
     1    0.01                           _0325_ (net)
                  0.23    0.00    4.60 v _2372_/A (sky130_fd_sc_hd__buf_4)
                  0.14    0.44    5.03 v _2372_/X (sky130_fd_sc_hd__buf_4)
    15    0.05                           _0326_ (net)
                  0.14    0.00    5.03 v _2438_/A2 (sky130_fd_sc_hd__o21a_1)
                  0.12    0.41    5.45 v _2438_/X (sky130_fd_sc_hd__o21a_1)
     1    0.01                           _0389_ (net)
                  0.12    0.00    5.45 v _2440_/A3 (sky130_fd_sc_hd__o31ai_4)
                  0.60    0.60    6.04 ^ _2440_/Y (sky130_fd_sc_hd__o31ai_4)
     4    0.03                           _0391_ (net)
                  0.60    0.00    6.05 ^ _2441_/A (sky130_fd_sc_hd__inv_2)
                  0.28    0.46    6.51 v _2441_/Y (sky130_fd_sc_hd__inv_2)
     4    0.05                           net178 (net)
                  0.28    0.00    6.51 v _2587_/A2 (sky130_fd_sc_hd__mux4_2)
                  0.24    1.31    7.82 v _2587_/X (sky130_fd_sc_hd__mux4_2)
     1    0.02                           _0526_ (net)
                  0.24    0.00    7.82 v _2588_/A (sky130_fd_sc_hd__buf_2)
                  0.16    0.44    8.27 v _2588_/X (sky130_fd_sc_hd__buf_2)
     6    0.03                           _0527_ (net)
                  0.16    0.00    8.27 v _2976_/A (sky130_fd_sc_hd__nor2_1)
                  0.22    0.27    8.53 ^ _2976_/Y (sky130_fd_sc_hd__nor2_1)
     1    0.01                           _0888_ (net)
                  0.22    0.00    8.53 ^ _2977_/B1 (sky130_fd_sc_hd__a21oi_2)
                  0.16    0.17    8.70 v _2977_/Y (sky130_fd_sc_hd__a21oi_2)
     5    0.01                           _0889_ (net)
                  0.16    0.00    8.70 v _2984_/A2 (sky130_fd_sc_hd__o311a_1)
                  0.14    0.75    9.45 v _2984_/X (sky130_fd_sc_hd__o311a_1)
     3    0.01                           _0896_ (net)
                  0.14    0.00    9.45 v _2985_/D (sky130_fd_sc_hd__or4_1)
                  0.29    1.20   10.65 v _2985_/X (sky130_fd_sc_hd__or4_1)
     3    0.01                           _0897_ (net)
                  0.29    0.00   10.65 v _3026_/A1 (sky130_fd_sc_hd__a21oi_1)
                  0.50    0.57   11.23 ^ _3026_/Y (sky130_fd_sc_hd__a21oi_1)
     2    0.01                           _0938_ (net)
                  0.50    0.00   11.23 ^ _3046_/A2 (sky130_fd_sc_hd__a21oi_2)
                  0.23    0.40   11.63 v _3046_/Y (sky130_fd_sc_hd__a21oi_2)
     5    0.02                           _0958_ (net)
                  0.23    0.00   11.63 v _3091_/A1 (sky130_fd_sc_hd__o21ai_2)
                  0.33    0.44   12.07 ^ _3091_/Y (sky130_fd_sc_hd__o21ai_2)
     4    0.01                           _1003_ (net)
                  0.33    0.00   12.07 ^ _3092_/D_N (sky130_fd_sc_hd__or4bb_2)
                  0.32    1.60   13.67 v _3092_/X (sky130_fd_sc_hd__or4bb_2)
     3    0.02                           _1004_ (net)
                  0.32    0.00   13.67 v _3105_/A1 (sky130_fd_sc_hd__a211o_1)
                  0.15    0.69   14.36 v _3105_/X (sky130_fd_sc_hd__a211o_1)
     3    0.01                           _1017_ (net)
                  0.15    0.00   14.36 v _3114_/A2 (sky130_fd_sc_hd__a21o_1)
                  0.11    0.42   14.78 v _3114_/X (sky130_fd_sc_hd__a21o_1)
     3    0.01                           _1026_ (net)
                  0.11    0.00   14.78 v _3124_/A1 (sky130_fd_sc_hd__a21o_1)
                  0.10    0.37   15.15 v _3124_/X (sky130_fd_sc_hd__a21o_1)
     2    0.01                           _1036_ (net)
                  0.10    0.00   15.15 v _3192_/A2 (sky130_fd_sc_hd__a31o_1)
                  0.07    0.40   15.55 v _3192_/X (sky130_fd_sc_hd__a31o_1)
     1    0.00                           _1104_ (net)
                  0.07    0.00   15.55 v _3193_/A (sky130_fd_sc_hd__buf_4)
                  0.21    0.42   15.97 v _3193_/X (sky130_fd_sc_hd__buf_4)
    10    0.09                           i_exec_stage.alu_out[0] (net)
                  0.21    0.00   15.97 v _3202_/D (sky130_fd_sc_hd__or4_1)
                  0.21    1.10   17.08 v _3202_/X (sky130_fd_sc_hd__or4_1)
     2    0.01                           _1111_ (net)
                  0.21    0.00   17.08 v _3203_/A2 (sky130_fd_sc_hd__a21oi_1)
                  0.23    0.35   17.43 ^ _3203_/Y (sky130_fd_sc_hd__a21oi_1)
     1    0.00                           net164 (net)
                  0.23    0.00   17.43 ^ output164/A (sky130_fd_sc_hd__clkbuf_4)
                  0.18    0.43   17.86 ^ output164/X (sky130_fd_sc_hd__clkbuf_4)
     1    0.04                           dmem_be_o[2] (net)
                  0.18    0.00   17.86 ^ dmem_be_o[2] (out)
                                 17.86   data arrival time

                         12.00   12.00   clock clk_i (rise edge)
                          0.00   12.00   clock network delay (propagated)
                         -0.25   11.75   clock uncertainty
                          0.00   11.75   clock reconvergence pessimism
                         -2.40    9.35   output external delay
                                  9.35   data required time
-----------------------------------------------------------------------------
                                  9.35   data required time
                                -17.86   data arrival time
-----------------------------------------------------------------------------
                                 -8.51   slack (VIOLATED)



======================= Typical Corner ===================================

No paths found.


===========================================================================
 report_check_types -max_slew -max_cap -max_fanout -violators
============================================================================
======================= Fastest Corner ===================================


======================= Slowest Corner ===================================

max slew

Pin                                    Limit    Slew   Slack
------------------------------------------------------------
_2351_/Y                                1.49    2.08   -0.58 (VIOLATED)
_2812_/B                                1.50    2.08   -0.58 (VIOLATED)
_2859_/B                                1.50    2.08   -0.58 (VIOLATED)
_2842_/B                                1.50    2.08   -0.58 (VIOLATED)
_3106_/B                                1.50    2.08   -0.58 (VIOLATED)
_3116_/B                                1.50    2.08   -0.58 (VIOLATED)
_2813_/B                                1.50    2.08   -0.58 (VIOLATED)
_2832_/B                                1.50    2.08   -0.58 (VIOLATED)
_2824_/B                                1.50    2.08   -0.58 (VIOLATED)
_2352_/A2                               1.50    2.08   -0.58 (VIOLATED)
_2642_/A2                               1.50    2.08   -0.58 (VIOLATED)
_3047_/B                                1.50    2.08   -0.58 (VIOLATED)
_2938_/B                                1.50    2.08   -0.58 (VIOLATED)
_3055_/B                                1.50    2.08   -0.58 (VIOLATED)
_3064_/B                                1.50    2.08   -0.58 (VIOLATED)
_2869_/B                                1.50    2.08   -0.58 (VIOLATED)
_2877_/B                                1.50    2.08   -0.58 (VIOLATED)
_2886_/B                                1.50    2.08   -0.58 (VIOLATED)
_2895_/B                                1.50    2.08   -0.58 (VIOLATED)
_3072_/B                                1.50    2.08   -0.58 (VIOLATED)
_2575_/A2                               1.50    2.08   -0.58 (VIOLATED)
_2851_/B                                1.50    2.08   -0.58 (VIOLATED)
_2911_/B                                1.50    2.08   -0.58 (VIOLATED)
_2929_/B                                1.50    2.08   -0.58 (VIOLATED)
_2946_/B                                1.50    2.08   -0.58 (VIOLATED)
_3017_/B                                1.50    2.08   -0.58 (VIOLATED)
_2437_/B                                1.50    2.08   -0.58 (VIOLATED)
_2993_/B                                1.50    2.08   -0.58 (VIOLATED)
_3010_/B                                1.50    2.08   -0.58 (VIOLATED)

max capacitance

Pin                                    Limit     Cap   Slack
------------------------------------------------------------
_2351_/Y                                0.07    0.10   -0.03 (VIOLATED)


======================= Typical Corner ===================================



===========================================================================
report_parasitic_annotation -report_unannotated
============================================================================
Found 42 unannotated drivers.
 dmem_gnt_i
 dmem_rvalid_i
 core_298/HI
 core_299/HI
 core_300/HI
 core_301/HI
 core_302/HI
 core_303/HI
 core_304/HI
 core_305/HI
 core_306/HI
 core_307/HI
 core_308/HI
 core_309/HI
 core_310/HI
 core_311/HI
 core_312/HI
 core_313/HI
 core_314/HI
 core_315/HI
 core_316/HI
 core_317/HI
 core_318/HI
 core_319/HI
 core_320/HI
 core_321/HI
 core_322/HI
 core_323/HI
 core_324/HI
 core_325/HI
 core_326/HI
 core_327/HI
 core_328/HI
 core_329/HI
 core_330/HI
 core_331/HI
 core_332/HI
 core_333/HI
 core_334/HI
 core_335/HI
 core_336/HI
 core_337/LO
Found 0 partially unannotated drivers.

===========================================================================
max slew violation count 29
max fanout violation count 0
max cap violation count 1
============================================================================

===========================================================================
check_setup -verbose -unconstrained_endpoints -multiple_clock -no_clock -no_input_delay -loops -generated_clocks
===========================================================================
Warning: There are 40 unconstrained endpoints.
  dmem_addr_o[0]
  dmem_addr_o[1]
  imem_be_o[0]
  imem_be_o[1]
  imem_be_o[2]
  imem_be_o[3]
  imem_req_o
  imem_wdata_o[0]
  imem_wdata_o[10]
  imem_wdata_o[11]
  imem_wdata_o[12]
  imem_wdata_o[13]
  imem_wdata_o[14]
  imem_wdata_o[15]
  imem_wdata_o[16]
  imem_wdata_o[17]
  imem_wdata_o[18]
  imem_wdata_o[19]
  imem_wdata_o[1]
  imem_wdata_o[20]
  imem_wdata_o[21]
  imem_wdata_o[22]
  imem_wdata_o[23]
  imem_wdata_o[24]
  imem_wdata_o[25]
  imem_wdata_o[26]
  imem_wdata_o[27]
  imem_wdata_o[28]
  imem_wdata_o[29]
  imem_wdata_o[2]
  imem_wdata_o[30]
  imem_wdata_o[31]
  imem_wdata_o[3]
  imem_wdata_o[4]
  imem_wdata_o[5]
  imem_wdata_o[6]
  imem_wdata_o[7]
  imem_wdata_o[8]
  imem_wdata_o[9]
  imem_we_o
