
===========================================================================
 report_power
============================================================================
======================= Fastest Corner ===================================

Group                  Internal  Switching    Leakage      Total
                          Power      Power      Power      Power (Watts)
----------------------------------------------------------------
Sequential             5.30e-03   5.68e-04   1.49e-08   5.87e-03  32.5%
Combinational          5.88e-03   6.30e-03   4.75e-08   1.22e-02  67.5%
Macro                  0.00e+00   0.00e+00   0.00e+00   0.00e+00   0.0%
Pad                    0.00e+00   0.00e+00   0.00e+00   0.00e+00   0.0%
----------------------------------------------------------------
Total                  1.12e-02   6.87e-03   6.24e-08   1.81e-02 100.0%
                          61.9%      38.1%       0.0%

======================= Slowest Corner ===================================

Group                  Internal  Switching    Leakage      Total
                          Power      Power      Power      Power (Watts)
----------------------------------------------------------------
Sequential             3.63e-03   3.71e-04   1.50e-05   4.01e-03  32.3%
Combinational          4.21e-03   4.15e-03   3.43e-05   8.39e-03  67.7%
Macro                  0.00e+00   0.00e+00   0.00e+00   0.00e+00   0.0%
Pad                    0.00e+00   0.00e+00   0.00e+00   0.00e+00   0.0%
----------------------------------------------------------------
Total                  7.83e-03   4.52e-03   4.93e-05   1.24e-02 100.0%
                          63.2%      36.5%       0.4%

======================= Typical Corner ===================================

Group                  Internal  Switching    Leakage      Total
                          Power      Power      Power      Power (Watts)
----------------------------------------------------------------
Sequential             4.58e-03   4.76e-04   8.64e-09   5.06e-03  32.5%
Combinational          5.17e-03   5.33e-03   3.12e-08   1.05e-02  67.5%
Macro                  0.00e+00   0.00e+00   0.00e+00   0.00e+00   0.0%
Pad                    0.00e+00   0.00e+00   0.00e+00   0.00e+00   0.0%
----------------------------------------------------------------
Total                  9.75e-03   5.81e-03   3.98e-08   1.56e-02 100.0%
                          62.7%      37.3%       0.0%

