
===========================================================================
 report_power
============================================================================
======================= Fastest Corner ===================================

Group                  Internal  Switching    Leakage      Total
                          Power      Power      Power      Power (Watts)
----------------------------------------------------------------
Sequential             2.38e-03   6.41e-04   2.15e-06   3.03e-03  34.1%
Combinational          2.36e-03   3.51e-03   3.30e-08   5.86e-03  65.9%
Macro                  0.00e+00   0.00e+00   0.00e+00   0.00e+00   0.0%
Pad                    0.00e+00   0.00e+00   0.00e+00   0.00e+00   0.0%
----------------------------------------------------------------
Total                  4.74e-03   4.15e-03   2.18e-06   8.89e-03 100.0%
                          53.3%      46.7%       0.0%

======================= Slowest Corner ===================================

Group                  Internal  Switching    Leakage      Total
                          Power      Power      Power      Power (Watts)
----------------------------------------------------------------
Sequential             1.59e-03   4.24e-04   9.16e-06   2.03e-03  33.3%
Combinational          1.74e-03   2.31e-03   1.45e-05   4.06e-03  66.7%
Macro                  0.00e+00   0.00e+00   0.00e+00   0.00e+00   0.0%
Pad                    0.00e+00   0.00e+00   0.00e+00   0.00e+00   0.0%
----------------------------------------------------------------
Total                  3.33e-03   2.73e-03   2.36e-05   6.09e-03 100.0%
                          54.7%      44.9%       0.4%

======================= Typical Corner ===================================

Group                  Internal  Switching    Leakage      Total
                          Power      Power      Power      Power (Watts)
----------------------------------------------------------------
Sequential             2.06e-03   5.40e-04   2.14e-06   2.60e-03  33.9%
Combinational          2.13e-03   2.96e-03   2.16e-08   5.08e-03  66.1%
Macro                  0.00e+00   0.00e+00   0.00e+00   0.00e+00   0.0%
Pad                    0.00e+00   0.00e+00   0.00e+00   0.00e+00   0.0%
----------------------------------------------------------------
Total                  4.19e-03   3.50e-03   2.17e-06   7.69e-03 100.0%
                          54.5%      45.5%       0.0%

