
===========================================================================
 report_power
============================================================================
======================= Fastest Corner ===================================

Group                  Internal  Switching    Leakage      Total
                          Power      Power      Power      Power (Watts)
----------------------------------------------------------------
Sequential             5.30e-03   4.95e-04   1.49e-08   5.80e-03  33.2%
Combinational          5.86e-03   5.80e-03   4.75e-08   1.17e-02  66.8%
Macro                  0.00e+00   0.00e+00   0.00e+00   0.00e+00   0.0%
Pad                    0.00e+00   0.00e+00   0.00e+00   0.00e+00   0.0%
----------------------------------------------------------------
Total                  1.12e-02   6.30e-03   6.24e-08   1.75e-02 100.0%
                          63.9%      36.1%       0.0%

======================= Slowest Corner ===================================

Group                  Internal  Switching    Leakage      Total
                          Power      Power      Power      Power (Watts)
----------------------------------------------------------------
Sequential             3.63e-03   3.22e-04   1.50e-05   3.97e-03  33.0%
Combinational          4.20e-03   3.81e-03   3.43e-05   8.05e-03  67.0%
Macro                  0.00e+00   0.00e+00   0.00e+00   0.00e+00   0.0%
Pad                    0.00e+00   0.00e+00   0.00e+00   0.00e+00   0.0%
----------------------------------------------------------------
Total                  7.83e-03   4.14e-03   4.93e-05   1.20e-02 100.0%
                          65.2%      34.4%       0.4%

======================= Typical Corner ===================================

Group                  Internal  Switching    Leakage      Total
                          Power      Power      Power      Power (Watts)
----------------------------------------------------------------
Sequential             4.58e-03   4.14e-04   8.64e-09   5.00e-03  33.2%
Combinational          5.16e-03   4.90e-03   3.12e-08   1.01e-02  66.8%
Macro                  0.00e+00   0.00e+00   0.00e+00   0.00e+00   0.0%
Pad                    0.00e+00   0.00e+00   0.00e+00   0.00e+00   0.0%
----------------------------------------------------------------
Total                  9.74e-03   5.32e-03   3.98e-08   1.51e-02 100.0%
                          64.7%      35.3%       0.0%

