Design Name: core
Run Directory: /openlane/designs/sv_core/runs/RUN_2023.04.27_21.17.24
----------------------------------------

Magic DRC Summary:
Source: /openlane/designs/sv_core/runs/RUN_2023.04.27_21.17.24/reports/signoff/drc.rpt
Violation Message "poly overlap of poly contact < 0.08um in one direction (licon.8a) "found 464 Times.
Violation Message "N-Diffusion overhang of nFET < 0.25um (poly.7) "found 204445 Times.
Violation Message "poly spacing < 0.21um (poly.2) "found 53008 Times.
Violation Message "poly overhang of transistor < 0.13um (poly.8) "found 198053 Times.
Total Magic DRC violations is 455970
----------------------------------------

LVS Summary:
Source: /openlane/designs/sv_core/runs/RUN_2023.04.27_21.17.24/logs/signoff/39-core.lef.lvs.log
Number of nets: 3603                       |Number of nets: 3603                       
Design is LVS clean.
----------------------------------------

Antenna Summary:
Source: /openlane/designs/sv_core/runs/RUN_2023.04.27_21.17.24/logs/signoff/41-antenna.log
Pin violations: 0
Net violations: 0
