
===========================================================================
report_checks -unconstrained
===========================================================================
======================= Fastest Corner ===================================

Startpoint: _09160_ (rising edge-triggered flip-flop clocked by clk_i')
Endpoint: port2_data_o[26] (output port clocked by clk_i)
Path Group: clk_i
Path Type: max
Corner: Fastest

Fanout     Cap    Slew   Delay    Time   Description
-----------------------------------------------------------------------------
                          5.00    5.00   clock clk_i' (rise edge)
                          0.00    5.00   clock source latency
                  0.00    0.00    5.00 v clk_i (in)
     1    0.00                           clk_i (net)
                  0.00    0.00    5.00 v _07986_/A (sky130_fd_sc_hd__buf_1)
                  0.09    0.11    5.11 v _07986_/X (sky130_fd_sc_hd__buf_1)
     1    0.02                           _04443_ (net)
                  0.09    0.00    5.12 v clkbuf_0__04443_/A (sky130_fd_sc_hd__clkbuf_16)
                  0.03    0.13    5.25 v clkbuf_0__04443_/X (sky130_fd_sc_hd__clkbuf_16)
     2    0.02                           clknet_0__04443_ (net)
                  0.03    0.00    5.25 v clkbuf_1_0__f__04443_/A (sky130_fd_sc_hd__clkbuf_16)
                  0.03    0.11    5.36 v clkbuf_1_0__f__04443_/X (sky130_fd_sc_hd__clkbuf_16)
     4    0.03                           clknet_1_0__leaf__04443_ (net)
                  0.03    0.00    5.36 v _08008_/A (sky130_fd_sc_hd__buf_1)
                  0.15    0.16    5.52 v _08008_/X (sky130_fd_sc_hd__buf_1)
     1    0.04                           _04446_ (net)
                  0.15    0.00    5.53 v clkbuf_0__04446_/A (sky130_fd_sc_hd__clkbuf_16)
                  0.03    0.16    5.69 v clkbuf_0__04446_/X (sky130_fd_sc_hd__clkbuf_16)
     2    0.03                           clknet_0__04446_ (net)
                  0.03    0.00    5.69 v clkbuf_1_1__f__04446_/A (sky130_fd_sc_hd__clkbuf_16)
                  0.05    0.13    5.82 v clkbuf_1_1__f__04446_/X (sky130_fd_sc_hd__clkbuf_16)
     4    0.09                           clknet_1_1__leaf__04446_ (net)
                  0.06    0.00    5.83 v _08069_/A (sky130_fd_sc_hd__buf_1)
                  0.05    0.09    5.92 v _08069_/X (sky130_fd_sc_hd__buf_1)
     1    0.01                           _04450_ (net)
                  0.05    0.00    5.92 v clkbuf_0__04450_/A (sky130_fd_sc_hd__clkbuf_16)
                  0.03    0.11    6.03 v clkbuf_0__04450_/X (sky130_fd_sc_hd__clkbuf_16)
     2    0.02                           clknet_0__04450_ (net)
                  0.03    0.00    6.03 v clkbuf_1_0__f__04450_/A (sky130_fd_sc_hd__clkbuf_16)
                  0.04    0.12    6.15 v clkbuf_1_0__f__04450_/X (sky130_fd_sc_hd__clkbuf_16)
     9    0.05                           clknet_1_0__leaf__04450_ (net)
                  0.04    0.00    6.15 v _08084__146/A (sky130_fd_sc_hd__inv_2)
                  0.02    0.03    6.18 ^ _08084__146/Y (sky130_fd_sc_hd__inv_2)
     1    0.00                           net258 (net)
                  0.02    0.00    6.18 ^ _09160_/CLK (sky130_fd_sc_hd__dfxtp_1)
                  0.07    0.24    6.41 v _09160_/Q (sky130_fd_sc_hd__dfxtp_1)
     3    0.02                           rf[11][26] (net)
                  0.07    0.00    6.42 v _07622_/A3 (sky130_fd_sc_hd__mux4_1)
                  0.11    0.35    6.77 v _07622_/X (sky130_fd_sc_hd__mux4_1)
     1    0.02                           _04098_ (net)
                  0.11    0.00    6.77 v _07623_/A2 (sky130_fd_sc_hd__o21a_1)
                  0.03    0.14    6.91 v _07623_/X (sky130_fd_sc_hd__o21a_1)
     1    0.00                           _04099_ (net)
                  0.03    0.00    6.91 v _07628_/A2 (sky130_fd_sc_hd__a221o_1)
                  0.22    0.36    7.27 v _07628_/X (sky130_fd_sc_hd__a221o_1)
     1    0.06                           _04104_ (net)
                  0.22    0.01    7.28 v _07638_/B (sky130_fd_sc_hd__and3_4)
                  0.05    0.23    7.50 v _07638_/X (sky130_fd_sc_hd__and3_4)
     1    0.03                           _04114_ (net)
                  0.05    0.00    7.51 v _07639_/A (sky130_fd_sc_hd__clkbuf_1)
                  0.04    0.09    7.59 v _07639_/X (sky130_fd_sc_hd__clkbuf_1)
     1    0.01                           net99 (net)
                  0.04    0.00    7.59 v output99/A (sky130_fd_sc_hd__buf_4)
                  0.04    0.12    7.71 v output99/X (sky130_fd_sc_hd__buf_4)
     1    0.03                           port2_data_o[26] (net)
                  0.04    0.00    7.71 v port2_data_o[26] (out)
                                  7.71   data arrival time

                         10.00   10.00   clock clk_i (rise edge)
                          0.00   10.00   clock network delay (propagated)
                         -0.25    9.75   clock uncertainty
                          0.00    9.75   clock reconvergence pessimism
                         -2.00    7.75   output external delay
                                  7.75   data required time
-----------------------------------------------------------------------------
                                  7.75   data required time
                                 -7.71   data arrival time
-----------------------------------------------------------------------------
                                  0.04   slack (MET)



======================= Slowest Corner ===================================

Startpoint: _09160_ (rising edge-triggered flip-flop clocked by clk_i')
Endpoint: port2_data_o[26] (output port clocked by clk_i)
Path Group: clk_i
Path Type: max
Corner: Slowest

Fanout     Cap    Slew   Delay    Time   Description
-----------------------------------------------------------------------------
                          5.00    5.00   clock clk_i' (rise edge)
                          0.00    5.00   clock source latency
                  0.02    0.01    5.01 v clk_i (in)
     1    0.00                           clk_i (net)
                  0.02    0.00    5.01 v _07986_/A (sky130_fd_sc_hd__buf_1)
                  0.27    0.32    5.33 v _07986_/X (sky130_fd_sc_hd__buf_1)
     1    0.02                           _04443_ (net)
                  0.27    0.00    5.33 v clkbuf_0__04443_/A (sky130_fd_sc_hd__clkbuf_16)
                  0.06    0.38    5.71 v clkbuf_0__04443_/X (sky130_fd_sc_hd__clkbuf_16)
     2    0.02                           clknet_0__04443_ (net)
                  0.06    0.00    5.71 v clkbuf_1_0__f__04443_/A (sky130_fd_sc_hd__clkbuf_16)
                  0.07    0.28    5.98 v clkbuf_1_0__f__04443_/X (sky130_fd_sc_hd__clkbuf_16)
     4    0.03                           clknet_1_0__leaf__04443_ (net)
                  0.07    0.00    5.99 v _08008_/A (sky130_fd_sc_hd__buf_1)
                  0.42    0.45    6.44 v _08008_/X (sky130_fd_sc_hd__buf_1)
     1    0.04                           _04446_ (net)
                  0.42    0.00    6.44 v clkbuf_0__04446_/A (sky130_fd_sc_hd__clkbuf_16)
                  0.07    0.46    6.91 v clkbuf_0__04446_/X (sky130_fd_sc_hd__clkbuf_16)
     2    0.03                           clknet_0__04446_ (net)
                  0.07    0.00    6.91 v clkbuf_1_1__f__04446_/A (sky130_fd_sc_hd__clkbuf_16)
                  0.12    0.33    7.24 v clkbuf_1_1__f__04446_/X (sky130_fd_sc_hd__clkbuf_16)
     4    0.09                           clknet_1_1__leaf__04446_ (net)
                  0.12    0.00    7.24 v _08069_/A (sky130_fd_sc_hd__buf_1)
                  0.13    0.26    7.50 v _08069_/X (sky130_fd_sc_hd__buf_1)
     1    0.01                           _04450_ (net)
                  0.13    0.00    7.50 v clkbuf_0__04450_/A (sky130_fd_sc_hd__clkbuf_16)
                  0.06    0.30    7.80 v clkbuf_0__04450_/X (sky130_fd_sc_hd__clkbuf_16)
     2    0.02                           clknet_0__04450_ (net)
                  0.06    0.00    7.80 v clkbuf_1_0__f__04450_/A (sky130_fd_sc_hd__clkbuf_16)
                  0.08    0.30    8.10 v clkbuf_1_0__f__04450_/X (sky130_fd_sc_hd__clkbuf_16)
     9    0.05                           clknet_1_0__leaf__04450_ (net)
                  0.08    0.00    8.10 v _08084__146/A (sky130_fd_sc_hd__inv_2)
                  0.03    0.07    8.17 ^ _08084__146/Y (sky130_fd_sc_hd__inv_2)
     1    0.00                           net258 (net)
                  0.03    0.00    8.17 ^ _09160_/CLK (sky130_fd_sc_hd__dfxtp_1)
                  0.19    0.71    8.88 v _09160_/Q (sky130_fd_sc_hd__dfxtp_1)
     3    0.02                           rf[11][26] (net)
                  0.19    0.00    8.88 v _07622_/A3 (sky130_fd_sc_hd__mux4_1)
                  0.28    1.38   10.26 v _07622_/X (sky130_fd_sc_hd__mux4_1)
     1    0.02                           _04098_ (net)
                  0.28    0.00   10.26 v _07623_/A2 (sky130_fd_sc_hd__o21a_1)
                  0.08    0.43   10.69 v _07623_/X (sky130_fd_sc_hd__o21a_1)
     1    0.00                           _04099_ (net)
                  0.08    0.00   10.69 v _07628_/A2 (sky130_fd_sc_hd__a221o_1)
                  0.58    1.15   11.85 v _07628_/X (sky130_fd_sc_hd__a221o_1)
     1    0.06                           _04104_ (net)
                  0.58    0.01   11.85 v _07638_/B (sky130_fd_sc_hd__and3_4)
                  0.11    0.66   12.51 v _07638_/X (sky130_fd_sc_hd__and3_4)
     1    0.03                           _04114_ (net)
                  0.11    0.00   12.51 v _07639_/A (sky130_fd_sc_hd__clkbuf_1)
                  0.11    0.24   12.75 v _07639_/X (sky130_fd_sc_hd__clkbuf_1)
     1    0.01                           net99 (net)
                  0.11    0.00   12.75 v output99/A (sky130_fd_sc_hd__buf_4)
                  0.10    0.34   13.09 v output99/X (sky130_fd_sc_hd__buf_4)
     1    0.03                           port2_data_o[26] (net)
                  0.10    0.00   13.09 v port2_data_o[26] (out)
                                 13.09   data arrival time

                         10.00   10.00   clock clk_i (rise edge)
                          0.00   10.00   clock network delay (propagated)
                         -0.25    9.75   clock uncertainty
                          0.00    9.75   clock reconvergence pessimism
                         -2.00    7.75   output external delay
                                  7.75   data required time
-----------------------------------------------------------------------------
                                  7.75   data required time
                                -13.09   data arrival time
-----------------------------------------------------------------------------
                                 -5.34   slack (VIOLATED)



======================= Typical Corner ===================================

Startpoint: _09160_ (rising edge-triggered flip-flop clocked by clk_i')
Endpoint: port2_data_o[26] (output port clocked by clk_i)
Path Group: clk_i
Path Type: max
Corner: Typical

Fanout     Cap    Slew   Delay    Time   Description
-----------------------------------------------------------------------------
                          5.00    5.00   clock clk_i' (rise edge)
                          0.00    5.00   clock source latency
                  0.01    0.00    5.00 v clk_i (in)
     1    0.00                           clk_i (net)
                  0.01    0.00    5.00 v _07986_/A (sky130_fd_sc_hd__buf_1)
                  0.14    0.17    5.17 v _07986_/X (sky130_fd_sc_hd__buf_1)
     1    0.02                           _04443_ (net)
                  0.14    0.00    5.17 v clkbuf_0__04443_/A (sky130_fd_sc_hd__clkbuf_16)
                  0.04    0.20    5.38 v clkbuf_0__04443_/X (sky130_fd_sc_hd__clkbuf_16)
     2    0.02                           clknet_0__04443_ (net)
                  0.04    0.00    5.38 v clkbuf_1_0__f__04443_/A (sky130_fd_sc_hd__clkbuf_16)
                  0.04    0.16    5.54 v clkbuf_1_0__f__04443_/X (sky130_fd_sc_hd__clkbuf_16)
     4    0.03                           clknet_1_0__leaf__04443_ (net)
                  0.04    0.00    5.54 v _08008_/A (sky130_fd_sc_hd__buf_1)
                  0.21    0.24    5.78 v _08008_/X (sky130_fd_sc_hd__buf_1)
     1    0.04                           _04446_ (net)
                  0.21    0.00    5.78 v clkbuf_0__04446_/A (sky130_fd_sc_hd__clkbuf_16)
                  0.04    0.25    6.03 v clkbuf_0__04446_/X (sky130_fd_sc_hd__clkbuf_16)
     2    0.03                           clknet_0__04446_ (net)
                  0.04    0.00    6.03 v clkbuf_1_1__f__04446_/A (sky130_fd_sc_hd__clkbuf_16)
                  0.07    0.19    6.22 v clkbuf_1_1__f__04446_/X (sky130_fd_sc_hd__clkbuf_16)
     4    0.09                           clknet_1_1__leaf__04446_ (net)
                  0.07    0.00    6.22 v _08069_/A (sky130_fd_sc_hd__buf_1)
                  0.07    0.14    6.36 v _08069_/X (sky130_fd_sc_hd__buf_1)
     1    0.01                           _04450_ (net)
                  0.07    0.00    6.36 v clkbuf_0__04450_/A (sky130_fd_sc_hd__clkbuf_16)
                  0.03    0.16    6.53 v clkbuf_0__04450_/X (sky130_fd_sc_hd__clkbuf_16)
     2    0.02                           clknet_0__04450_ (net)
                  0.03    0.00    6.53 v clkbuf_1_0__f__04450_/A (sky130_fd_sc_hd__clkbuf_16)
                  0.05    0.17    6.70 v clkbuf_1_0__f__04450_/X (sky130_fd_sc_hd__clkbuf_16)
     9    0.05                           clknet_1_0__leaf__04450_ (net)
                  0.05    0.00    6.70 v _08084__146/A (sky130_fd_sc_hd__inv_2)
                  0.02    0.04    6.74 ^ _08084__146/Y (sky130_fd_sc_hd__inv_2)
     1    0.00                           net258 (net)
                  0.02    0.00    6.74 ^ _09160_/CLK (sky130_fd_sc_hd__dfxtp_1)
                  0.10    0.36    7.10 v _09160_/Q (sky130_fd_sc_hd__dfxtp_1)
     3    0.02                           rf[11][26] (net)
                  0.10    0.00    7.10 v _07622_/A3 (sky130_fd_sc_hd__mux4_1)
                  0.15    0.61    7.71 v _07622_/X (sky130_fd_sc_hd__mux4_1)
     1    0.02                           _04098_ (net)
                  0.15    0.00    7.71 v _07623_/A2 (sky130_fd_sc_hd__o21a_1)
                  0.04    0.22    7.93 v _07623_/X (sky130_fd_sc_hd__o21a_1)
     1    0.00                           _04099_ (net)
                  0.04    0.00    7.93 v _07628_/A2 (sky130_fd_sc_hd__a221o_1)
                  0.31    0.62    8.55 v _07628_/X (sky130_fd_sc_hd__a221o_1)
     1    0.06                           _04104_ (net)
                  0.31    0.01    8.56 v _07638_/B (sky130_fd_sc_hd__and3_4)
                  0.06    0.34    8.90 v _07638_/X (sky130_fd_sc_hd__and3_4)
     1    0.03                           _04114_ (net)
                  0.06    0.00    8.90 v _07639_/A (sky130_fd_sc_hd__clkbuf_1)
                  0.06    0.13    9.03 v _07639_/X (sky130_fd_sc_hd__clkbuf_1)
     1    0.01                           net99 (net)
                  0.06    0.00    9.03 v output99/A (sky130_fd_sc_hd__buf_4)
                  0.06    0.18    9.21 v output99/X (sky130_fd_sc_hd__buf_4)
     1    0.03                           port2_data_o[26] (net)
                  0.06    0.00    9.22 v port2_data_o[26] (out)
                                  9.22   data arrival time

                         10.00   10.00   clock clk_i (rise edge)
                          0.00   10.00   clock network delay (propagated)
                         -0.25    9.75   clock uncertainty
                          0.00    9.75   clock reconvergence pessimism
                         -2.00    7.75   output external delay
                                  7.75   data required time
-----------------------------------------------------------------------------
                                  7.75   data required time
                                 -9.22   data arrival time
-----------------------------------------------------------------------------
                                 -1.47   slack (VIOLATED)




===========================================================================
report_checks --slack_max -0.01
============================================================================
======================= Fastest Corner ===================================

No paths found.

======================= Slowest Corner ===================================

Startpoint: _09160_ (rising edge-triggered flip-flop clocked by clk_i')
Endpoint: port2_data_o[26] (output port clocked by clk_i)
Path Group: clk_i
Path Type: max
Corner: Slowest

Fanout     Cap    Slew   Delay    Time   Description
-----------------------------------------------------------------------------
                          5.00    5.00   clock clk_i' (rise edge)
                          0.00    5.00   clock source latency
                  0.02    0.01    5.01 v clk_i (in)
     1    0.00                           clk_i (net)
                  0.02    0.00    5.01 v _07986_/A (sky130_fd_sc_hd__buf_1)
                  0.27    0.32    5.33 v _07986_/X (sky130_fd_sc_hd__buf_1)
     1    0.02                           _04443_ (net)
                  0.27    0.00    5.33 v clkbuf_0__04443_/A (sky130_fd_sc_hd__clkbuf_16)
                  0.06    0.38    5.71 v clkbuf_0__04443_/X (sky130_fd_sc_hd__clkbuf_16)
     2    0.02                           clknet_0__04443_ (net)
                  0.06    0.00    5.71 v clkbuf_1_0__f__04443_/A (sky130_fd_sc_hd__clkbuf_16)
                  0.07    0.28    5.98 v clkbuf_1_0__f__04443_/X (sky130_fd_sc_hd__clkbuf_16)
     4    0.03                           clknet_1_0__leaf__04443_ (net)
                  0.07    0.00    5.99 v _08008_/A (sky130_fd_sc_hd__buf_1)
                  0.42    0.45    6.44 v _08008_/X (sky130_fd_sc_hd__buf_1)
     1    0.04                           _04446_ (net)
                  0.42    0.00    6.44 v clkbuf_0__04446_/A (sky130_fd_sc_hd__clkbuf_16)
                  0.07    0.46    6.91 v clkbuf_0__04446_/X (sky130_fd_sc_hd__clkbuf_16)
     2    0.03                           clknet_0__04446_ (net)
                  0.07    0.00    6.91 v clkbuf_1_1__f__04446_/A (sky130_fd_sc_hd__clkbuf_16)
                  0.12    0.33    7.24 v clkbuf_1_1__f__04446_/X (sky130_fd_sc_hd__clkbuf_16)
     4    0.09                           clknet_1_1__leaf__04446_ (net)
                  0.12    0.00    7.24 v _08069_/A (sky130_fd_sc_hd__buf_1)
                  0.13    0.26    7.50 v _08069_/X (sky130_fd_sc_hd__buf_1)
     1    0.01                           _04450_ (net)
                  0.13    0.00    7.50 v clkbuf_0__04450_/A (sky130_fd_sc_hd__clkbuf_16)
                  0.06    0.30    7.80 v clkbuf_0__04450_/X (sky130_fd_sc_hd__clkbuf_16)
     2    0.02                           clknet_0__04450_ (net)
                  0.06    0.00    7.80 v clkbuf_1_0__f__04450_/A (sky130_fd_sc_hd__clkbuf_16)
                  0.08    0.30    8.10 v clkbuf_1_0__f__04450_/X (sky130_fd_sc_hd__clkbuf_16)
     9    0.05                           clknet_1_0__leaf__04450_ (net)
                  0.08    0.00    8.10 v _08084__146/A (sky130_fd_sc_hd__inv_2)
                  0.03    0.07    8.17 ^ _08084__146/Y (sky130_fd_sc_hd__inv_2)
     1    0.00                           net258 (net)
                  0.03    0.00    8.17 ^ _09160_/CLK (sky130_fd_sc_hd__dfxtp_1)
                  0.19    0.71    8.88 v _09160_/Q (sky130_fd_sc_hd__dfxtp_1)
     3    0.02                           rf[11][26] (net)
                  0.19    0.00    8.88 v _07622_/A3 (sky130_fd_sc_hd__mux4_1)
                  0.28    1.38   10.26 v _07622_/X (sky130_fd_sc_hd__mux4_1)
     1    0.02                           _04098_ (net)
                  0.28    0.00   10.26 v _07623_/A2 (sky130_fd_sc_hd__o21a_1)
                  0.08    0.43   10.69 v _07623_/X (sky130_fd_sc_hd__o21a_1)
     1    0.00                           _04099_ (net)
                  0.08    0.00   10.69 v _07628_/A2 (sky130_fd_sc_hd__a221o_1)
                  0.58    1.15   11.85 v _07628_/X (sky130_fd_sc_hd__a221o_1)
     1    0.06                           _04104_ (net)
                  0.58    0.01   11.85 v _07638_/B (sky130_fd_sc_hd__and3_4)
                  0.11    0.66   12.51 v _07638_/X (sky130_fd_sc_hd__and3_4)
     1    0.03                           _04114_ (net)
                  0.11    0.00   12.51 v _07639_/A (sky130_fd_sc_hd__clkbuf_1)
                  0.11    0.24   12.75 v _07639_/X (sky130_fd_sc_hd__clkbuf_1)
     1    0.01                           net99 (net)
                  0.11    0.00   12.75 v output99/A (sky130_fd_sc_hd__buf_4)
                  0.10    0.34   13.09 v output99/X (sky130_fd_sc_hd__buf_4)
     1    0.03                           port2_data_o[26] (net)
                  0.10    0.00   13.09 v port2_data_o[26] (out)
                                 13.09   data arrival time

                         10.00   10.00   clock clk_i (rise edge)
                          0.00   10.00   clock network delay (propagated)
                         -0.25    9.75   clock uncertainty
                          0.00    9.75   clock reconvergence pessimism
                         -2.00    7.75   output external delay
                                  7.75   data required time
-----------------------------------------------------------------------------
                                  7.75   data required time
                                -13.09   data arrival time
-----------------------------------------------------------------------------
                                 -5.34   slack (VIOLATED)



======================= Typical Corner ===================================

Startpoint: _09160_ (rising edge-triggered flip-flop clocked by clk_i')
Endpoint: port2_data_o[26] (output port clocked by clk_i)
Path Group: clk_i
Path Type: max
Corner: Typical

Fanout     Cap    Slew   Delay    Time   Description
-----------------------------------------------------------------------------
                          5.00    5.00   clock clk_i' (rise edge)
                          0.00    5.00   clock source latency
                  0.01    0.00    5.00 v clk_i (in)
     1    0.00                           clk_i (net)
                  0.01    0.00    5.00 v _07986_/A (sky130_fd_sc_hd__buf_1)
                  0.14    0.17    5.17 v _07986_/X (sky130_fd_sc_hd__buf_1)
     1    0.02                           _04443_ (net)
                  0.14    0.00    5.17 v clkbuf_0__04443_/A (sky130_fd_sc_hd__clkbuf_16)
                  0.04    0.20    5.38 v clkbuf_0__04443_/X (sky130_fd_sc_hd__clkbuf_16)
     2    0.02                           clknet_0__04443_ (net)
                  0.04    0.00    5.38 v clkbuf_1_0__f__04443_/A (sky130_fd_sc_hd__clkbuf_16)
                  0.04    0.16    5.54 v clkbuf_1_0__f__04443_/X (sky130_fd_sc_hd__clkbuf_16)
     4    0.03                           clknet_1_0__leaf__04443_ (net)
                  0.04    0.00    5.54 v _08008_/A (sky130_fd_sc_hd__buf_1)
                  0.21    0.24    5.78 v _08008_/X (sky130_fd_sc_hd__buf_1)
     1    0.04                           _04446_ (net)
                  0.21    0.00    5.78 v clkbuf_0__04446_/A (sky130_fd_sc_hd__clkbuf_16)
                  0.04    0.25    6.03 v clkbuf_0__04446_/X (sky130_fd_sc_hd__clkbuf_16)
     2    0.03                           clknet_0__04446_ (net)
                  0.04    0.00    6.03 v clkbuf_1_1__f__04446_/A (sky130_fd_sc_hd__clkbuf_16)
                  0.07    0.19    6.22 v clkbuf_1_1__f__04446_/X (sky130_fd_sc_hd__clkbuf_16)
     4    0.09                           clknet_1_1__leaf__04446_ (net)
                  0.07    0.00    6.22 v _08069_/A (sky130_fd_sc_hd__buf_1)
                  0.07    0.14    6.36 v _08069_/X (sky130_fd_sc_hd__buf_1)
     1    0.01                           _04450_ (net)
                  0.07    0.00    6.36 v clkbuf_0__04450_/A (sky130_fd_sc_hd__clkbuf_16)
                  0.03    0.16    6.53 v clkbuf_0__04450_/X (sky130_fd_sc_hd__clkbuf_16)
     2    0.02                           clknet_0__04450_ (net)
                  0.03    0.00    6.53 v clkbuf_1_0__f__04450_/A (sky130_fd_sc_hd__clkbuf_16)
                  0.05    0.17    6.70 v clkbuf_1_0__f__04450_/X (sky130_fd_sc_hd__clkbuf_16)
     9    0.05                           clknet_1_0__leaf__04450_ (net)
                  0.05    0.00    6.70 v _08084__146/A (sky130_fd_sc_hd__inv_2)
                  0.02    0.04    6.74 ^ _08084__146/Y (sky130_fd_sc_hd__inv_2)
     1    0.00                           net258 (net)
                  0.02    0.00    6.74 ^ _09160_/CLK (sky130_fd_sc_hd__dfxtp_1)
                  0.10    0.36    7.10 v _09160_/Q (sky130_fd_sc_hd__dfxtp_1)
     3    0.02                           rf[11][26] (net)
                  0.10    0.00    7.10 v _07622_/A3 (sky130_fd_sc_hd__mux4_1)
                  0.15    0.61    7.71 v _07622_/X (sky130_fd_sc_hd__mux4_1)
     1    0.02                           _04098_ (net)
                  0.15    0.00    7.71 v _07623_/A2 (sky130_fd_sc_hd__o21a_1)
                  0.04    0.22    7.93 v _07623_/X (sky130_fd_sc_hd__o21a_1)
     1    0.00                           _04099_ (net)
                  0.04    0.00    7.93 v _07628_/A2 (sky130_fd_sc_hd__a221o_1)
                  0.31    0.62    8.55 v _07628_/X (sky130_fd_sc_hd__a221o_1)
     1    0.06                           _04104_ (net)
                  0.31    0.01    8.56 v _07638_/B (sky130_fd_sc_hd__and3_4)
                  0.06    0.34    8.90 v _07638_/X (sky130_fd_sc_hd__and3_4)
     1    0.03                           _04114_ (net)
                  0.06    0.00    8.90 v _07639_/A (sky130_fd_sc_hd__clkbuf_1)
                  0.06    0.13    9.03 v _07639_/X (sky130_fd_sc_hd__clkbuf_1)
     1    0.01                           net99 (net)
                  0.06    0.00    9.03 v output99/A (sky130_fd_sc_hd__buf_4)
                  0.06    0.18    9.21 v output99/X (sky130_fd_sc_hd__buf_4)
     1    0.03                           port2_data_o[26] (net)
                  0.06    0.00    9.22 v port2_data_o[26] (out)
                                  9.22   data arrival time

                         10.00   10.00   clock clk_i (rise edge)
                          0.00   10.00   clock network delay (propagated)
                         -0.25    9.75   clock uncertainty
                          0.00    9.75   clock reconvergence pessimism
                         -2.00    7.75   output external delay
                                  7.75   data required time
-----------------------------------------------------------------------------
                                  7.75   data required time
                                 -9.22   data arrival time
-----------------------------------------------------------------------------
                                 -1.47   slack (VIOLATED)




===========================================================================
 report_check_types -max_slew -max_cap -max_fanout -violators
============================================================================
======================= Fastest Corner ===================================


======================= Slowest Corner ===================================


======================= Typical Corner ===================================



===========================================================================
report_parasitic_annotation -report_unannotated
============================================================================
Found 0 unannotated drivers.
Found 0 partially unannotated drivers.

===========================================================================
max slew violation count 0
max fanout violation count 0
max cap violation count 0
============================================================================

===========================================================================
check_setup -verbose -unconstrained_endpoints -multiple_clock -no_clock -no_input_delay -loops -generated_clocks
===========================================================================
