
===========================================================================
 report_power
============================================================================
======================= Fastest Corner ===================================

Group                  Internal  Switching    Leakage      Total
                          Power      Power      Power      Power (Watts)
----------------------------------------------------------------
Sequential             5.30e-03   5.32e-04   1.49e-08   5.83e-03  32.8%
Combinational          5.87e-03   6.06e-03   4.75e-08   1.19e-02  67.2%
Macro                  0.00e+00   0.00e+00   0.00e+00   0.00e+00   0.0%
Pad                    0.00e+00   0.00e+00   0.00e+00   0.00e+00   0.0%
----------------------------------------------------------------
Total                  1.12e-02   6.59e-03   6.24e-08   1.78e-02 100.0%
                          62.9%      37.1%       0.0%

======================= Slowest Corner ===================================

Group                  Internal  Switching    Leakage      Total
                          Power      Power      Power      Power (Watts)
----------------------------------------------------------------
Sequential             3.63e-03   3.47e-04   1.50e-05   3.99e-03  32.7%
Combinational          4.21e-03   3.98e-03   3.43e-05   8.22e-03  67.3%
Macro                  0.00e+00   0.00e+00   0.00e+00   0.00e+00   0.0%
Pad                    0.00e+00   0.00e+00   0.00e+00   0.00e+00   0.0%
----------------------------------------------------------------
Total                  7.83e-03   4.33e-03   4.93e-05   1.22e-02 100.0%
                          64.1%      35.5%       0.4%

======================= Typical Corner ===================================

Group                  Internal  Switching    Leakage      Total
                          Power      Power      Power      Power (Watts)
----------------------------------------------------------------
Sequential             4.58e-03   4.46e-04   8.64e-09   5.03e-03  32.8%
Combinational          5.17e-03   5.12e-03   3.12e-08   1.03e-02  67.2%
Macro                  0.00e+00   0.00e+00   0.00e+00   0.00e+00   0.0%
Pad                    0.00e+00   0.00e+00   0.00e+00   0.00e+00   0.0%
----------------------------------------------------------------
Total                  9.75e-03   5.56e-03   3.98e-08   1.53e-02 100.0%
                          63.7%      36.3%       0.0%

