
===========================================================================
 report_power
============================================================================
======================= Fastest Corner ===================================

Group                  Internal  Switching    Leakage      Total
                          Power      Power      Power      Power (Watts)
----------------------------------------------------------------
Sequential             2.39e-03   6.32e-04   2.15e-06   3.02e-03  33.9%
Combinational          2.39e-03   3.49e-03   3.33e-08   5.88e-03  66.1%
Macro                  0.00e+00   0.00e+00   0.00e+00   0.00e+00   0.0%
Pad                    0.00e+00   0.00e+00   0.00e+00   0.00e+00   0.0%
----------------------------------------------------------------
Total                  4.78e-03   4.13e-03   2.18e-06   8.90e-03 100.0%
                          53.6%      46.3%       0.0%

======================= Slowest Corner ===================================

Group                  Internal  Switching    Leakage      Total
                          Power      Power      Power      Power (Watts)
----------------------------------------------------------------
Sequential             1.60e-03   4.18e-04   9.16e-06   2.02e-03  33.2%
Combinational          1.76e-03   2.30e-03   1.45e-05   4.07e-03  66.8%
Macro                  0.00e+00   0.00e+00   0.00e+00   0.00e+00   0.0%
Pad                    0.00e+00   0.00e+00   0.00e+00   0.00e+00   0.0%
----------------------------------------------------------------
Total                  3.35e-03   2.72e-03   2.37e-05   6.10e-03 100.0%
                          55.0%      44.6%       0.4%

======================= Typical Corner ===================================

Group                  Internal  Switching    Leakage      Total
                          Power      Power      Power      Power (Watts)
----------------------------------------------------------------
Sequential             2.06e-03   5.33e-04   2.14e-06   2.60e-03  33.7%
Combinational          2.16e-03   2.95e-03   2.19e-08   5.10e-03  66.3%
Macro                  0.00e+00   0.00e+00   0.00e+00   0.00e+00   0.0%
Pad                    0.00e+00   0.00e+00   0.00e+00   0.00e+00   0.0%
----------------------------------------------------------------
Total                  4.22e-03   3.48e-03   2.17e-06   7.70e-03 100.0%
                          54.8%      45.2%       0.0%

