
===========================================================================
 report_power
============================================================================
======================= Fastest Corner ===================================

Group                  Internal  Switching    Leakage      Total
                          Power      Power      Power      Power (Watts)
----------------------------------------------------------------
Sequential             2.37e-03   7.20e-04   2.15e-06   3.09e-03  33.3%
Combinational          2.36e-03   3.85e-03   3.30e-08   6.21e-03  66.7%
Macro                  0.00e+00   0.00e+00   0.00e+00   0.00e+00   0.0%
Pad                    0.00e+00   0.00e+00   0.00e+00   0.00e+00   0.0%
----------------------------------------------------------------
Total                  4.73e-03   4.57e-03   2.18e-06   9.31e-03 100.0%
                          50.9%      49.1%       0.0%

======================= Slowest Corner ===================================

Group                  Internal  Switching    Leakage      Total
                          Power      Power      Power      Power (Watts)
----------------------------------------------------------------
Sequential             1.59e-03   4.77e-04   9.16e-06   2.07e-03  32.6%
Combinational          1.74e-03   2.54e-03   1.45e-05   4.29e-03  67.4%
Macro                  0.00e+00   0.00e+00   0.00e+00   0.00e+00   0.0%
Pad                    0.00e+00   0.00e+00   0.00e+00   0.00e+00   0.0%
----------------------------------------------------------------
Total                  3.32e-03   3.02e-03   2.36e-05   6.36e-03 100.0%
                          52.2%      47.4%       0.4%

======================= Typical Corner ===================================

Group                  Internal  Switching    Leakage      Total
                          Power      Power      Power      Power (Watts)
----------------------------------------------------------------
Sequential             2.05e-03   6.07e-04   2.14e-06   2.66e-03  33.1%
Combinational          2.13e-03   3.25e-03   2.16e-08   5.38e-03  66.9%
Macro                  0.00e+00   0.00e+00   0.00e+00   0.00e+00   0.0%
Pad                    0.00e+00   0.00e+00   0.00e+00   0.00e+00   0.0%
----------------------------------------------------------------
Total                  4.18e-03   3.86e-03   2.17e-06   8.04e-03 100.0%
                          52.0%      48.0%       0.0%

