
===========================================================================
 report_power
============================================================================
======================= Fastest Corner ===================================

Group                  Internal  Switching    Leakage      Total
                          Power      Power      Power      Power (Watts)
----------------------------------------------------------------
Sequential             2.38e-03   7.09e-04   2.15e-06   3.09e-03  33.2%
Combinational          2.39e-03   3.83e-03   3.33e-08   6.22e-03  66.8%
Macro                  0.00e+00   0.00e+00   0.00e+00   0.00e+00   0.0%
Pad                    0.00e+00   0.00e+00   0.00e+00   0.00e+00   0.0%
----------------------------------------------------------------
Total                  4.77e-03   4.54e-03   2.18e-06   9.31e-03 100.0%
                          51.2%      48.7%       0.0%

======================= Slowest Corner ===================================

Group                  Internal  Switching    Leakage      Total
                          Power      Power      Power      Power (Watts)
----------------------------------------------------------------
Sequential             1.59e-03   4.69e-04   9.16e-06   2.07e-03  32.5%
Combinational          1.76e-03   2.52e-03   1.45e-05   4.30e-03  67.5%
Macro                  0.00e+00   0.00e+00   0.00e+00   0.00e+00   0.0%
Pad                    0.00e+00   0.00e+00   0.00e+00   0.00e+00   0.0%
----------------------------------------------------------------
Total                  3.35e-03   2.99e-03   2.37e-05   6.37e-03 100.0%
                          52.6%      47.0%       0.4%

======================= Typical Corner ===================================

Group                  Internal  Switching    Leakage      Total
                          Power      Power      Power      Power (Watts)
----------------------------------------------------------------
Sequential             2.05e-03   5.98e-04   2.14e-06   2.65e-03  33.0%
Combinational          2.16e-03   3.23e-03   2.19e-08   5.39e-03  67.0%
Macro                  0.00e+00   0.00e+00   0.00e+00   0.00e+00   0.0%
Pad                    0.00e+00   0.00e+00   0.00e+00   0.00e+00   0.0%
----------------------------------------------------------------
Total                  4.21e-03   3.83e-03   2.17e-06   8.04e-03 100.0%
                          52.4%      47.6%       0.0%

